// Bun Snapshot v1, https://bun.sh/docs/test/snapshots

exports[`SidebarTags renders correctly 1`] = `
{
  "$$typeof": Symbol(react.test.json),
  "children": [
    {
      "$$typeof": Symbol(react.test.json),
      "children": [
        "Tags",
      ],
      "props": {
        "className": undefined,
      },
      "type": "div",
    },
    {
      "$$typeof": Symbol(react.test.json),
      "children": [
        {
          "$$typeof": Symbol(react.test.json),
          "children": [
            {
              "$$typeof": Symbol(react.test.json),
              "children": [
                "All",
              ],
              "props": {
                "aria-current": "page",
                "className": "",
                "href": "/",
                "onClick": [Function],
                "onMouseEnter": [Function],
                "style": {},
              },
              "type": "a",
            },
          ],
          "props": {
            "className": undefined,
          },
          "type": "li",
        },
        {
          "$$typeof": Symbol(react.test.json),
          "children": [
            {
              "$$typeof": Symbol(react.test.json),
              "children": [
                "AI",
                {
                  "$$typeof": Symbol(react.test.json),
                  "children": [
                    "(",
                    "3",
                    ")",
                  ],
                  "props": {
                    "className": undefined,
                  },
                  "type": "span",
                },
              ],
              "props": {
                "aria-current": undefined,
                "className": "undefined",
                "href": "/?tag=AI",
                "onClick": [Function],
                "onMouseEnter": [Function],
              },
              "type": "a",
            },
          ],
          "props": {
            "className": undefined,
          },
          "type": "li",
        },
        {
          "$$typeof": Symbol(react.test.json),
          "children": [
            {
              "$$typeof": Symbol(react.test.json),
              "children": [
                "Typography",
                {
                  "$$typeof": Symbol(react.test.json),
                  "children": [
                    "(",
                    "1",
                    ")",
                  ],
                  "props": {
                    "className": undefined,
                  },
                  "type": "span",
                },
              ],
              "props": {
                "aria-current": undefined,
                "className": "",
                "href": "/?tag=Typography",
                "onClick": [Function],
                "onMouseEnter": [Function],
              },
              "type": "a",
            },
          ],
          "props": {
            "className": undefined,
          },
          "type": "li",
        },
      ],
      "props": {
        "className": undefined,
      },
      "type": "ul",
    },
  ],
  "props": {
    "className": undefined,
  },
  "type": "div",
}
`;
